// Jest Snapshot v1, https://goo.gl/fbAQLP

exports[`that is matches snapshot 1`] = `<DocumentFragment />`;
